
══════════════════════════════════════════════════════════════════════════════
C5 · JSON-RPC messages on the wire (2025 vs 2026-07-28)
SDK: JSON-RPC 2.0, initialize, server/discover, tools/list, tools/call, input_required
══════════════════════════════════════════════════════════════════════════════

▶ 2025 era: initialize handshake, server pushes elicitation/create mid-call
  trace()
  ✔ 37ms → 14 frames

▶ 2026-07-28 era: server/discover, tool returns input_required and the client retries
  trace()
  ✔ 45ms → 13 frames

── 2025 — message sequence ───────────────────────────────────────────────────
   1. client → server  initialize (id 0)
   2. server → client  response id 0
   3. client → server  notifications/initialized (notification)
   4.  ──── tools/list ────
   5. client → server  tools/list (id 1)
   6. server → client  response id 1
   7.  ──── tools/call calculate_gpa ────
   8. client → server  tools/call (id 2)
   9. server → client  response id 2
  10.  ──── tools/call update_grade (needs user confirmation) ────
  11. client → server  tools/call (id 3)
  12. server → client  elicitation/create (id 0)
  13. client → server  response id 0
  14. server → client  response id 3

── 2026-07-28 — message sequence ─────────────────────────────────────────────
   1. client → server  server/discover (id server-discover-probe-1)
   2. server → client  response id server-discover-probe-1
   3.  ──── tools/list ────
   4. client → server  tools/list (id 0)
   5. server → client  response id 0
   6.  ──── tools/call calculate_gpa ────
   7. client → server  tools/call (id 1)
   8. server → client  response id 1
   9.  ──── tools/call update_grade (needs user confirmation) ────
  10. client → server  tools/call (id 2)
  11. server → client  response id 2 — input_required
  12. client → server  tools/call (id 3)
  13. server → client  response id 3

✔ 2 steps (0 expected/unexpected errors) — saved outputs/examples/c5-wire-trace.json
